==============================================================================
Tests                                                                         
==============================================================================
Tests.testDemo2                                                               
==============================================================================
Validate Unsuccessful login                                           | PASS |
------------------------------------------------------------------------------
Validate card titles displayed in the Shopping page                   | PASS |
------------------------------------------------------------------------------
Validate All fields on the Login page                                 | PASS |
------------------------------------------------------------------------------
Tests.testDemo2                                                       | PASS |
3 tests, 3 passed, 0 failed
==============================================================================
Tests                                                                 | PASS |
3 tests, 3 passed, 0 failed
==============================================================================
Output:  C:\Users\kalla\PycharmProjects\RobotFramework\Tests\pabot_results\1\output.xml
