==============================================================================
Tests                                                                         
==============================================================================
Tests.testDemo1 :: To validate the login form                                 
==============================================================================
Validate Unsuccessful login                                           | PASS |
------------------------------------------------------------------------------
Tests.testDemo1 :: To validate the login form                         | PASS |
1 test, 1 passed, 0 failed
==============================================================================
Tests                                                                 | PASS |
1 test, 1 passed, 0 failed
==============================================================================
Output:  C:\Users\kalla\PycharmProjects\RobotFramework\Tests\pabot_results\0\output.xml
