==============================================================================
Tests                                                                         
==============================================================================
Tests.testDemo3                                                               
==============================================================================
Validate Parent/child window functionality                            | PASS |
------------------------------------------------------------------------------
Tests.testDemo3                                                       | PASS |
1 test, 1 passed, 0 failed
==============================================================================
Tests                                                                 | PASS |
1 test, 1 passed, 0 failed
==============================================================================
Output:  C:\Users\kalla\PycharmProjects\RobotFramework\Tests\pabot_results\2\output.xml
