==============================================================================
Tests                                                                         
==============================================================================
Tests.testDemo6                                                               
==============================================================================
Validate card titles displayed in the Shopping page                   | PASS |
------------------------------------------------------------------------------
Tests.testDemo6                                                       | PASS |
1 test, 1 passed, 0 failed
==============================================================================
Tests                                                                 | PASS |
1 test, 1 passed, 0 failed
==============================================================================
Output:  C:\Users\kalla\PycharmProjects\RobotFramework\Tests\pabot_results\5\output.xml
