==============================================================================
Tests                                                                         
==============================================================================
Tests.testDemo7                                                               
==============================================================================
Validate Unsuccessful login                                           | PASS |
------------------------------------------------------------------------------
End to end ecommerce Product validation                               | PASS |
------------------------------------------------------------------------------
Validate All fields on the Login page                                 | PASS |
------------------------------------------------------------------------------
Tests.testDemo7                                                       | PASS |
3 tests, 3 passed, 0 failed
==============================================================================
Tests                                                                 | PASS |
3 tests, 3 passed, 0 failed
==============================================================================
Output:  C:\Users\kalla\PycharmProjects\RobotFramework\Tests\pabot_results\6\output.xml
